[15:45:36] [ServerMain/INFO]: Environment: Environment[sessionHost=https://sessionserver.mojang.com, servicesHost=https://api.minecraftservices.com, profilesHost=https://api.mojang.com, name=PROD]
[15:45:37] [ServerMain/INFO]: Loaded 1470 recipes
[15:45:37] [ServerMain/INFO]: Loaded 1584 advancements
[15:45:38] [Server thread/INFO]: Starting minecraft server version 1.21.11
[15:45:38] [Server thread/INFO]: Loading properties
[15:45:38] [Server thread/INFO]: Default game type: SURVIVAL
[15:45:38] [Server thread/INFO]: Generating keypair
[15:45:38] [Server thread/INFO]: Starting Minecraft server on *:25565
[15:45:38] [Server thread/WARN]: **** SERVER IS RUNNING IN OFFLINE/INSECURE MODE!
[15:45:38] [Server thread/WARN]: The server will make no attempt to authenticate usernames. Beware.
[15:45:38] [Server thread/WARN]: While this makes the game possible to play without internet access, it also opens up the ability for hackers to connect with any username they choose.
[15:45:38] [Server thread/WARN]: To change this, set "online-mode" to "true" in the server.properties file.
[15:45:38] [Server thread/INFO]: Preparing level "world"
[15:45:38] [Server thread/INFO]: Loading 0 persistent chunks...
[15:45:38] [Server thread/INFO]: Preparing spawn area: 100%
[15:45:38] [Server thread/INFO]: Time elapsed: 14 ms
[15:45:38] [Server thread/INFO]: Done (0.363s)! For help, type "help"
[15:46:38] [Server thread/INFO]: Server empty for 60 seconds, pausing
[15:46:48] [Server thread/INFO]: Unknown or incomplete command. See below for error
[15:46:48] [Server thread/INFO]: <--[HERE]
